Windows PowerShell
Copyright (C) 2015 Microsoft Corporation. All rights reserved.

PS C:\Users\DELL\Desktop\Kisa> git init
Initialized empty Git repository in C:/Users/DELL/Desktop/Kisa/.git/
PS C:\Users\DELL\Desktop\Kisa> git status
On branch master

No commits yet

Untracked files:
  (use "git add <file>..." to include in what will be committed)

        index.html

nothing added to commit but untracked files present (use "git add" to track)
PS C:\Users\DELL\Desktop\Kisa> git add
Nothing specified, nothing added.
Maybe you wanted to say 'git add .'?
PS C:\Users\DELL\Desktop\Kisa> git add .\index.htmldi
fatal: pathspec '.\index.htmldi' did not match any files
PS C:\Users\DELL\Desktop\Kisa> git add .\index.html
PS C:\Users\DELL\Desktop\Kisa> git status
On branch master

No commits yet

Changes to be committed:
  (use "git rm --cached <file>..." to unstage)

        new file:   index.html

PS C:\Users\DELL\Desktop\Kisa> git commit -m "created an index file"

*** Please tell me who you are.
PS C:\Users\DELL\Desktop\Kisa> git status
On branch master
Changes not staged for commit:
  (use "git add <file>..." to update what will be committed)
  (use "git checkout -- <file>..." to discard changes in working directory)

        modified:   index.html

no changes added to commit (use "git add" and/or "git commit -a")
PS C:\Users\DELL\Desktop\Kisa> git add .
PS C:\Users\DELL\Desktop\Kisa> git status
On branch master
Changes to be committed:
  (use "git reset HEAD <file>..." to unstage)

        modified:   index.html

PS C:\Users\DELL\Desktop\Kisa> git commit -m "Added a third heading"
[master c88aa4f] Added a third heading
 1 file changed, 10 insertions(+)
PS C:\Users\DELL\Desktop\Kisa> git status
On branch master
nothing to commit, working tree clean
PS C:\Users\DELL\Desktop\Kisa> git remote add origin https://github.com/dannykisa/Week1-challenge.git
PS C:\Users\DELL\Desktop\Kisa> git remote -v
origin  https://github.com/dannykisa/Week1-challenge.git (fetch)
origin  https://github.com/dannykisa/Week1-challenge.git (push)
PS C:\Users\DELL\Desktop\Kisa> git push -u origin master
Enumerating objects: 6, done.
Counting objects: 100% (6/6), done.
Delta compression using up to 4 threads
Compressing objects: 100% (3/3), done.
Writing objects: 100% (6/6), 583 bytes | 64.00 KiB/s, done.
Total 6 (delta 0), reused 0 (delta 0)
To https://github.com/dannykisa/Week1-challenge.git
 * [new branch]      master -> master
Branch 'master' set up to track remote branch 'master' from 'origin'.
PS C:\Users\DELL\Desktop\Kisa>